<html>
<body>
<pre>
<h1>µVision Build Log</h1>
<h2>Project:</h2>
G:\program\2017year\temperature_gsm_alarm\MDK_ARM\temperature_gsm_alarm.uvproj
Project File Date:  02/14/2017

<h2>Output:</h2>
Rebuild target 'Target 1'
compiling main.c...
compiling stm32f10x_it.c...
compiling system_stm32f10x.c...
compiling usart2.c...
compiling sim900a.c...
..\SIM900A\sim900a.c(508): warning:  #550-D: variable "phonebuf" was set but never used
..\SIM900A\sim900a.c(643): warning:  #177-D: variable "cnttbl" was declared but never referenced
compiling led.c...
compiling key.c...
compiling malloc.c...
compiling core_cm3.c...
assembling startup_stm32f10x_md.s...
compiling stm32f10x_gpio.c...
compiling stm32f10x_rcc.c...
compiling stm32f10x_usart.c...
compiling misc.c...
compiling stm32f10x_exti.c...
compiling stm32f10x_dma.c...
compiling stm32f10x_tim.c...
compiling delay.c...
compiling sys.c...
compiling usart.c...
linking...
Program Size: Code=19436 RO-data=964 RW-data=208 ZI-data=14760  
FromELF: creating hex file...
".\OBJ\temperature_gsm_alarm.axf" - 0 Errors, 2 Warning(s).
Build target 'Target 1'
compiling main.c...
compiling stm32f10x_it.c...
compiling system_stm32f10x.c...
compiling usart2.c...
compiling sim900a.c...
..\SIM900A\sim900a.c(508): warning:  #550-D: variable "phonebuf" was set but never used
..\SIM900A\sim900a.c(643): warning:  #177-D: variable "cnttbl" was declared but never referenced
compiling led.c...
compiling key.c...
compiling malloc.c...
compiling core_cm3.c...
assembling startup_stm32f10x_md.s...
compiling stm32f10x_gpio.c...
compiling stm32f10x_rcc.c...
compiling stm32f10x_usart.c...
compiling misc.c...
compiling stm32f10x_exti.c...
compiling stm32f10x_dma.c...
compiling stm32f10x_tim.c...
compiling delay.c...
compiling sys.c...
compiling usart.c...
linking...
Program Size: Code=19436 RO-data=964 RW-data=208 ZI-data=14760  
FromELF: creating hex file...
".\OBJ\temperature_gsm_alarm.axf" - 0 Errors, 2 Warning(s).
Build target 'Target 1'
linking...
Program Size: Code=19436 RO-data=964 RW-data=208 ZI-data=14760  
FromELF: creating hex file...
".\OBJ\temperature_gsm_alarm.axf" - 0 Errors, 0 Warning(s).
Build target 'Target 1'
linking...
Program Size: Code=19436 RO-data=964 RW-data=208 ZI-data=14760  
FromELF: creating hex file...
".\OBJ\temperature_gsm_alarm.axf" - 0 Errors, 0 Warning(s).
